HE@DESKTOP-HAM36CU MINGW64 /e/work/githublogin (master)
$ git push -u origin master
To github.com:wuqing1982/learngit.git
 ! [rejected]        master -> master (non-fast-forward)
error: failed to push some refs to 'git@github.com:wuqing1982/learngit.git'
hint: Updates were rejected because the tip of your current branch is behind
hint: its remote counterpart. Integrate the remote changes (e.g.
hint: 'git pull ...') before pushing again.
hint: See the 'Note about fast-forwards' in 'git push --help' for details.

HE@DESKTOP-HAM36CU MINGW64 /e/work/githublogin (master)
$ git push -f -u origin master
Enumerating objects: 51, done.
Counting objects: 100% (51/51), done.
Delta compression using up to 8 threads
Compressing objects: 100% (47/47), done.
Writing objects: 100% (51/51), 15.94 KiB | 1.23 MiB/s, done.
Total 51 (delta 14), reused 0 (delta 0)
remote: Resolving deltas: 100% (14/14), done.
To github.com:wuqing1982/learngit.git
 + 2b27c10...5ae53b3 master -> master (forced update)
Branch 'master' set up to track remote branch 'master' from 'origin'.

HE@DESKTOP-HAM36CU MINGW64 /e/work/githublogin (master)
$ git status
On branch master
Your branch is up to date with 'origin/master'.

nothing to commit, working tree clean

HE@DESKTOP-HAM36CU MINGW64 /e/work/githublogin (master)

